// Jest Snapshot v1, https://goo.gl/fbAQLP

exports[`vue-component creation should throw an error if there is no parent tag 1`] = `"ngVue components must have a parent tag or they will not render"`;

exports[`vue-component remove should remove a vue component when ng-if directive flag toggles from true to false 1`] = `
<div
  class="ng-scope"
>
  <!-- ngIf: visible -->
  <span>
    Hello  
  </span>
  <!-- end ngIf: visible -->
</div>
`;

exports[`vue-component remove should remove a vue component when ng-if directive flag toggles from true to false 2`] = `
<div
  class="ng-scope"
>
  <!-- ngIf: visible -->
</div>
`;

exports[`vue-component slots should render a vue component with a button in the slot content 1`] = `
<div
  class="ng-scope"
>
  <div>
    <span>
      Welcome, John Doe!
    </span>
    <button
      ng-click="onClick()"
      class="ng-scope"
    >
      Click me!
    </button>
  </div>
</div>
`;
